Initialized native services in: C:\Users\91998\.gradle\native
Initialized jansi services in: C:\Users\91998\.gradle\native
Removing 0 daemon stop events from registry
Starting a Gradle Daemon, 1 busy Daemon could not be reused, use --status for details
Starting process 'Gradle build daemon'. Working directory: C:\Users\91998\.gradle\daemon\8.12 Command: D:\config\jdk-21.0.8\bin\java.exe --add-opens=java.base/java.lang=ALL-UNNAMED --add-opens=java.base/java.lang.invoke=ALL-UNNAMED --add-opens=java.base/java.util=ALL-UNNAMED --add-opens=java.prefs/java.util.prefs=ALL-UNNAMED --add-exports=jdk.compiler/com.sun.tools.javac.api=ALL-UNNAMED --add-exports=jdk.compiler/com.sun.tools.javac.util=ALL-UNNAMED --add-opens=java.base/java.util=ALL-UNNAMED --add-opens=java.prefs/java.util.prefs=ALL-UNNAMED --add-opens=java.base/java.nio.charset=ALL-UNNAMED --add-opens=java.base/java.net=ALL-UNNAMED --add-opens=java.base/java.util.concurrent.atomic=ALL-UNNAMED --add-opens=java.xml/javax.xml.namespace=ALL-UNNAMED -XX:MaxMetaspaceSize=384m -XX:+HeapDumpOnOutOfMemoryError -Xms256m -Xmx512m -Dfile.encoding=UTF-8 -Duser.country=IN -Duser.language=en -Duser.variant -cp C:\Users\91998\.gradle\wrapper\dists\gradle-8.12-bin\cetblhg4pflnnks72fxwobvgv\gradle-8.12\lib\gradle-daemon-main-8.12.jar -javaagent:C:\Users\91998\.gradle\wrapper\dists\gradle-8.12-bin\cetblhg4pflnnks72fxwobvgv\gradle-8.12\lib\agents\gradle-instrumentation-agent-8.12.jar org.gradle.launcher.daemon.bootstrap.GradleDaemon 8.12
Successfully started process 'Gradle build daemon'
An attempt to start the daemon took 2.302 secs.
The client will now receive all logging from the daemon (pid: 1964). The daemon log file: C:\Users\91998\.gradle\daemon\8.12\daemon-1964.out.log
Starting build in new daemon [memory: 512 MiB]
Using 16 worker leases.
Received JVM installation metadata from 'D:\config\jdk-21.0.8': {JAVA_HOME=D:\config\jdk-21.0.8, JAVA_VERSION=21.0.8, JAVA_VENDOR=Oracle Corporation, RUNTIME_NAME=Java(TM) SE Runtime Environment, RUNTIME_VERSION=21.0.8+12-LTS-250, VM_NAME=Java HotSpot(TM) 64-Bit Server VM, VM_VERSION=21.0.8+12-LTS-250, VM_VENDOR=Oracle Corporation, OS_ARCH=amd64}
Watching the file system is configured to be enabled if available
Now considering [D:\github\cgwebproject] as hierarchies to watch
File system watching is active
Starting Build
Invalidating in-memory cache of C:\Users\91998\.gradle\caches\journal-1\file-access.bin
Settings evaluated using settings file 'D:\github\cgwebproject\settings.gradle'.
Projects loaded. Root project using build file 'D:\github\cgwebproject\build.gradle'.
Included projects: [root project 'cgwebproject', project ':common', project ':service', project ':webapp']

> Configure project :
Evaluating root project 'cgwebproject' using build file 'D:\github\cgwebproject\build.gradle'.
Invalidating in-memory cache of C:\Users\91998\.gradle\caches\journal-1\file-access.bin
Resolved plugin [id: 'io.spring.dependency-management', version: '1.1.7']
Resolved plugin [id: 'java']
Resolved plugin [id: 'de.undercouch.download', version: '5.3.0']
Resolved plugin [id: 'org.sonarqube', version: '4.4.1.3373']
Resolved plugin [id: 'jacoco']
Invalidating in-memory cache of C:\Users\91998\.gradle\caches\journal-1\file-access.bin
Applying dependency management to configuration 'archives' in project 'cgwebproject'
Applying dependency management to configuration 'default' in project 'cgwebproject'
Applying dependency management to configuration 'implementation' in project 'cgwebproject'
Applying dependency management to configuration 'compileOnly' in project 'cgwebproject'
Applying dependency management to configuration 'compileClasspath' in project 'cgwebproject'
Applying dependency management to configuration 'annotationProcessor' in project 'cgwebproject'
Applying dependency management to configuration 'runtimeOnly' in project 'cgwebproject'
Applying dependency management to configuration 'runtimeClasspath' in project 'cgwebproject'
Applying dependency management to configuration 'apiElements' in project 'cgwebproject'
Applying dependency management to configuration 'runtimeElements' in project 'cgwebproject'
Applying dependency management to configuration 'mainSourceElements' in project 'cgwebproject'
Applying dependency management to configuration 'testImplementation' in project 'cgwebproject'
Applying dependency management to configuration 'testCompileOnly' in project 'cgwebproject'
Applying dependency management to configuration 'testCompileClasspath' in project 'cgwebproject'
Applying dependency management to configuration 'testAnnotationProcessor' in project 'cgwebproject'
Applying dependency management to configuration 'testRuntimeOnly' in project 'cgwebproject'
Applying dependency management to configuration 'testRuntimeClasspath' in project 'cgwebproject'
Applying dependency management to configuration 'testResultsElementsForTest' in project 'cgwebproject'
The 'sonarqube' task depends on compile tasks. This behavior is now deprecated and will be removed in version 5.x. To avoid implicit compilation, set property 'sonar.gradle.skipCompile' to 'true' and make sure your project is compiled, before analysis has started.
The 'sonar' task depends on compile tasks. This behavior is now deprecated and will be removed in version 5.x. To avoid implicit compilation, set property 'sonar.gradle.skipCompile' to 'true' and make sure your project is compiled, before analysis has started.
Applying dependency management to configuration 'jacocoAgent' in project 'cgwebproject'
Applying dependency management to configuration 'jacocoAnt' in project 'cgwebproject'
Applying dependency management to configuration 'coverageDataElementsForTest' in project 'cgwebproject'
Invalidating in-memory cache of C:\Users\91998\.gradle\caches\journal-1\file-access.bin
Applying dependency management to configuration 'annotationProcessor' in project 'common'
Applying dependency management to configuration 'apiElements' in project 'common'
Applying dependency management to configuration 'archives' in project 'common'
Applying dependency management to configuration 'compileClasspath' in project 'common'
Applying dependency management to configuration 'compileOnly' in project 'common'
Applying dependency management to configuration 'default' in project 'common'
Applying dependency management to configuration 'implementation' in project 'common'
Applying dependency management to configuration 'mainSourceElements' in project 'common'
Applying dependency management to configuration 'runtimeClasspath' in project 'common'
Applying dependency management to configuration 'runtimeElements' in project 'common'
Applying dependency management to configuration 'runtimeOnly' in project 'common'
Applying dependency management to configuration 'testAnnotationProcessor' in project 'common'
Applying dependency management to configuration 'testCompileClasspath' in project 'common'
Applying dependency management to configuration 'testCompileOnly' in project 'common'
Applying dependency management to configuration 'testImplementation' in project 'common'
Applying dependency management to configuration 'testResultsElementsForTest' in project 'common'
Applying dependency management to configuration 'testRuntimeClasspath' in project 'common'
Applying dependency management to configuration 'testRuntimeOnly' in project 'common'
Applying dependency management to configuration 'jacocoAgent' in project 'common'
Applying dependency management to configuration 'jacocoAnt' in project 'common'
Applying dependency management to configuration 'coverageDataElementsForTest' in project 'common'
Applying dependency management to configuration 'annotationProcessor' in project 'service'
Applying dependency management to configuration 'apiElements' in project 'service'
Applying dependency management to configuration 'archives' in project 'service'
Applying dependency management to configuration 'compileClasspath' in project 'service'
Applying dependency management to configuration 'compileOnly' in project 'service'
Applying dependency management to configuration 'default' in project 'service'
Applying dependency management to configuration 'implementation' in project 'service'
Applying dependency management to configuration 'mainSourceElements' in project 'service'
Applying dependency management to configuration 'runtimeClasspath' in project 'service'
Applying dependency management to configuration 'runtimeElements' in project 'service'
Applying dependency management to configuration 'runtimeOnly' in project 'service'
Applying dependency management to configuration 'testAnnotationProcessor' in project 'service'
Applying dependency management to configuration 'testCompileClasspath' in project 'service'
Applying dependency management to configuration 'testCompileOnly' in project 'service'
Applying dependency management to configuration 'testImplementation' in project 'service'
Applying dependency management to configuration 'testResultsElementsForTest' in project 'service'
Applying dependency management to configuration 'testRuntimeClasspath' in project 'service'
Applying dependency management to configuration 'testRuntimeOnly' in project 'service'
Applying dependency management to configuration 'jacocoAgent' in project 'service'
Applying dependency management to configuration 'jacocoAnt' in project 'service'
Applying dependency management to configuration 'coverageDataElementsForTest' in project 'service'
Applying dependency management to configuration 'annotationProcessor' in project 'webapp'
Applying dependency management to configuration 'apiElements' in project 'webapp'
Applying dependency management to configuration 'archives' in project 'webapp'
Applying dependency management to configuration 'compileClasspath' in project 'webapp'
Applying dependency management to configuration 'compileOnly' in project 'webapp'
Applying dependency management to configuration 'default' in project 'webapp'
Applying dependency management to configuration 'implementation' in project 'webapp'
Applying dependency management to configuration 'mainSourceElements' in project 'webapp'
Applying dependency management to configuration 'runtimeClasspath' in project 'webapp'
Applying dependency management to configuration 'runtimeElements' in project 'webapp'
Applying dependency management to configuration 'runtimeOnly' in project 'webapp'
Applying dependency management to configuration 'testAnnotationProcessor' in project 'webapp'
Applying dependency management to configuration 'testCompileClasspath' in project 'webapp'
Applying dependency management to configuration 'testCompileOnly' in project 'webapp'
Applying dependency management to configuration 'testImplementation' in project 'webapp'
Applying dependency management to configuration 'testResultsElementsForTest' in project 'webapp'
Applying dependency management to configuration 'testRuntimeClasspath' in project 'webapp'
Applying dependency management to configuration 'testRuntimeOnly' in project 'webapp'
Applying dependency management to configuration 'jacocoAgent' in project 'webapp'
Applying dependency management to configuration 'jacocoAnt' in project 'webapp'
Applying dependency management to configuration 'coverageDataElementsForTest' in project 'webapp'

> Configure project :common
Evaluating project ':common' using build file 'D:\github\cgwebproject\common\build.gradle'.
Invalidating in-memory cache of C:\Users\91998\.gradle\caches\journal-1\file-access.bin
Resolved plugin [id: 'java-library']
Applying dependency management to configuration 'api' in project 'common'
Applying dependency management to configuration 'compileOnlyApi' in project 'common'

> Configure project :service
Evaluating project ':service' using build file 'D:\github\cgwebproject\service\build.gradle'.

> Configure project :webapp
Evaluating project ':webapp' using build file 'D:\github\cgwebproject\webapp\build.gradle'.
Resolved plugin [id: 'org.springframework.boot', version: '3.5.6']
Resolved plugin [id: 'io.spring.dependency-management', version: '1.1.7']
Invalidating in-memory cache of C:\Users\91998\.gradle\caches\journal-1\file-access.bin
Applying dependency management to configuration 'bootArchives' in project 'webapp'
Applying dependency management to configuration 'productionRuntimeClasspath' in project 'webapp'
Applying dependency management to configuration 'developmentOnly' in project 'webapp'
Applying dependency management to configuration 'testAndDevelopmentOnly' in project 'webapp'
All projects evaluated.
Task path ':webapp:runSimple' matched project ':webapp'
Task name matched 'runSimple'
Selected primary task 'runSimple' from project :webapp
Resolving global dependency management for project 'webapp'
Directory 'D:\github\cgwebproject\D:configjdk-21.0.8' (Gradle property 'org.gradle.java.installations.paths') used for java installations does not exist
Invalidating in-memory cache of C:\Users\91998\.gradle\caches\journal-1\file-access.bin
Invalidating in-memory cache of C:\Users\91998\.gradle\caches\journal-1\file-access.bin
Excluding [com.google.protobuf:protobuf-java]
Excluding []
Excluding []
Excluding []
Resolving global dependency management for project 'common'
Excluding []
Resolving global dependency management for project 'service'
Excluding []
Excluding [com.google.protobuf:protobuf-java]
Excluding []
Excluding [com.google.protobuf:protobuf-java]
Tasks to be executed: [task ':common:compileJava', task ':common:processResources', task ':common:classes', task ':common:jar', task ':service:compileJava', task ':service:processResources', task ':service:classes', task ':service:jar', task ':webapp:compileJava', task ':webapp:processResources', task ':webapp:classes', task ':webapp:runSimple']
Tasks that were excluded: []
Resolve mutations for :common:compileJava (Thread[#256,Execution worker Thread 4,5,main]) started.
:common:compileJava (Thread[#256,Execution worker Thread 4,5,main]) started.

> Task :common:compileJava UP-TO-DATE
Caching disabled for task ':common:compileJava' because:
  Build cache is disabled
Skipping task ':common:compileJava' as it is up-to-date.
No compile result for :common:compileJava
work action resolve main (project :common) (Thread[#256,Execution worker Thread 4,5,main]) started.
Resolve mutations for :common:processResources (Thread[#256,Execution worker Thread 4,5,main]) started.
:common:processResources (Thread[#256,Execution worker Thread 4,5,main]) started.

> Task :common:processResources NO-SOURCE
Skipping task ':common:processResources' as it has no source files and no previous output files.
Resolve mutations for :common:classes (Thread[#256,Execution worker Thread 4,5,main]) started.
:common:classes (Thread[#256,Execution worker Thread 4,5,main]) started.

> Task :common:classes UP-TO-DATE
Skipping task ':common:classes' as it has no actions.
Resolve mutations for :common:jar (Thread[#256,Execution worker Thread 4,5,main]) started.
:common:jar (Thread[#265,Execution worker Thread 13,5,main]) started.

> Task :common:jar UP-TO-DATE
Caching disabled for task ':common:jar' because:
  Build cache is disabled
  Not worth caching
Skipping task ':common:jar' as it is up-to-date.
work action resolve common-1.0.0.jar (project :common) (Thread[#265,Execution worker Thread 13,5,main]) started.
Resolve mutations for :service:compileJava (Thread[#265,Execution worker Thread 13,5,main]) started.
:service:compileJava (Thread[#265,Execution worker Thread 13,5,main]) started.

> Task :service:compileJava UP-TO-DATE
Caching disabled for task ':service:compileJava' because:
  Build cache is disabled
Skipping task ':service:compileJava' as it is up-to-date.
No compile result for :service:compileJava
Resolve mutations for :service:processResources (Thread[#265,Execution worker Thread 13,5,main]) started.
:service:processResources (Thread[#265,Execution worker Thread 13,5,main]) started.

> Task :service:processResources UP-TO-DATE
Caching disabled for task ':service:processResources' because:
  Build cache is disabled
  Not worth caching
Skipping task ':service:processResources' as it is up-to-date.
Resolve mutations for :service:classes (Thread[#265,Execution worker Thread 13,5,main]) started.
:service:classes (Thread[#265,Execution worker Thread 13,5,main]) started.

> Task :service:classes UP-TO-DATE
Skipping task ':service:classes' as it has no actions.
Resolve mutations for :service:jar (Thread[#265,Execution worker Thread 13,5,main]) started.
:service:jar (Thread[#265,Execution worker Thread 13,5,main]) started.

> Task :service:jar UP-TO-DATE
Caching disabled for task ':service:jar' because:
  Build cache is disabled
  Not worth caching
Skipping task ':service:jar' as it is up-to-date.
work action resolve service-1.0.0.jar (project :service) (Thread[#265,Execution worker Thread 13,5,main]) started.
Resolve mutations for :webapp:compileJava (Thread[#265,Execution worker Thread 13,5,main]) started.
:webapp:compileJava (Thread[#265,Execution worker Thread 13,5,main]) started.

> Task :webapp:compileJava UP-TO-DATE
Custom actions are attached to task ':webapp:compileJava'.
Caching disabled for task ':webapp:compileJava' because:
  Build cache is disabled
Skipping task ':webapp:compileJava' as it is up-to-date.
No compile result for :webapp:compileJava
Resolve mutations for :webapp:processResources (Thread[#265,Execution worker Thread 13,5,main]) started.
:webapp:processResources (Thread[#265,Execution worker Thread 13,5,main]) started.

> Task :webapp:processResources UP-TO-DATE
Caching disabled for task ':webapp:processResources' because:
  Build cache is disabled
  Not worth caching
Skipping task ':webapp:processResources' as it is up-to-date.
Resolve mutations for :webapp:classes (Thread[#265,Execution worker Thread 13,5,main]) started.
:webapp:classes (Thread[#265,Execution worker Thread 13,5,main]) started.

> Task :webapp:classes UP-TO-DATE
Skipping task ':webapp:classes' as it has no actions.
Resolve mutations for :webapp:runSimple (Thread[#265,Execution worker Thread 13,5,main]) started.
:webapp:runSimple (Thread[#265,Execution worker Thread 13,5,main]) started.

> Task :webapp:runSimple
Caching disabled for task ':webapp:runSimple' because:
  Build cache is disabled
Task ':webapp:runSimple' is not up-to-date because:
  Task has not declared any outputs despite executing actions.
Shortening Java classpath [D:\github\cgwebproject\webapp\build\classes\java\main, D:\github\cgwebproject\webapp\build\resources\main, D:\github\cgwebproject\service\build\libs\service-1.0.0.jar, D:\github\cgwebproject\common\build\libs\common-1.0.0.jar, C:\Users\91998\.gradle\caches\modules-2\files-2.1\org.springframework.boot\spring-boot-starter-data-jpa\3.5.6\ec77fd4b025ff3401e80be68a8a3dfbe45c7dcfa\spring-boot-starter-data-jpa-3.5.6.jar, C:\Users\91998\.gradle\caches\modules-2\files-2.1\org.springframework.boot\spring-boot-starter-security\3.5.6\f784752820b4e59f1e144e6d208d04fa27da9\spring-boot-starter-security-3.5.6.jar, C:\Users\91998\.gradle\caches\modules-2\files-2.1\com.googlecode.json-simple\json-simple\1.1.1\c9ad4a0850ab676c5c64461a05ca524cdfff59f1\json-simple-1.1.1.jar, C:\Users\91998\.gradle\caches\modules-2\files-2.1\org.springframework.boot\spring-boot-starter-actuator\3.5.6\3e00af7ce0236ea8644bf76284f538beba3e76c7\spring-boot-starter-actuator-3.5.6.jar, C:\Users\91998\.gradle\caches\modules-2\files-2.1\org.springframework.boot\spring-boot-starter-web\3.5.6\83d6174983b3d6649525a272222af212728a9892\spring-boot-starter-web-3.5.6.jar, C:\Users\91998\.gradle\caches\modules-2\files-2.1\org.apache.tomcat.embed\tomcat-embed-jasper\10.1.46\e5e930dd2f7a17feb080121796fe8c1a88c12fa\tomcat-embed-jasper-10.1.46.jar, C:\Users\91998\.gradle\caches\modules-2\files-2.1\org.springframework.boot\spring-boot-starter-test\3.5.6\a9d9c8bbd492d33c359a8d5b32a80396b2bc212f\spring-boot-starter-test-3.5.6.jar, C:\Users\91998\.gradle\caches\modules-2\files-2.1\org.springframework.boot\spring-boot-starter-thymeleaf\3.5.6\bf2ac97c9df1ffe9449758b680a663c3bb1eeee6\spring-boot-starter-thymeleaf-3.5.6.jar, C:\Users\91998\.gradle\caches\modules-2\files-2.1\org.springframework.boot\spring-boot-starter-webflux\3.5.6\c696603014c12d8e8f22378fa092e631cabbc939\spring-boot-starter-webflux-3.5.6.jar, C:\Users\91998\.gradle\caches\modules-2\files-2.1\org.springframework.boot\spring-boot-starter-validation\3.5.6\2ec647ae8e16b09a4aee4a17c0e7736f6214aacc\spring-boot-starter-validation-3.5.6.jar, C:\Users\91998\.gradle\caches\modules-2\files-2.1\org.seleniumhq.selenium\selenium-java\4.35.0\2cc38c8dbef9d6e8774f05c2d2e8088180858ed4\selenium-java-4.35.0.jar, C:\Users\91998\.gradle\caches\modules-2\files-2.1\io.github.bonigarcia\webdrivermanager\6.3.2\1d837f94b11e087a4b01440b765000dab2894cde\webdrivermanager-6.3.2.jar, C:\Users\91998\.gradle\caches\modules-2\files-2.1\com.github.docker-java\docker-java-transport-httpclient5\3.6.0\b8e435469b88bac1fde17a6e3cd0416a3c41fa3d\docker-java-transport-httpclient5-3.6.0.jar, C:\Users\91998\.gradle\caches\modules-2\files-2.1\org.wiremock.integrations\wiremock-spring-boot\3.10.6\1447f637acc4fb9342d2117f1ca02d7ff32899be\wiremock-spring-boot-3.10.6.jar, C:\Users\91998\.gradle\caches\modules-2\files-2.1\org.wiremock\wiremock-jetty12\3.13.1\e030421a6ef8469ffc3a514942f760e6e5726973\wiremock-jetty12-3.13.1.jar, C:\Users\91998\.gradle\caches\modules-2\files-2.1\org.wiremock\wiremock\3.13.1\6d3c265ba1104916db3de80e3951b5e89d003180\wiremock-3.13.1.jar, C:\Users\91998\.gradle\caches\modules-2\files-2.1\org.apache.httpcomponents.client5\httpclient5\5.4.4\29aafa2d5ced55ed75dab37cce5e125fb06e54d8\httpclient5-5.4.4.jar, C:\Users\91998\.gradle\caches\modules-2\files-2.1\org.apache.httpcomponents.core5\httpcore5-h2\5.3.5\82014abcf597c051f00bf3aef2809063cb5024ae\httpcore5-h2-5.3.5.jar, C:\Users\91998\.gradle\caches\modules-2\files-2.1\org.apache.httpcomponents.core5\httpcore5\5.3.6\2c7f0d11747f9485a02c9f622c0f0477d7ce8677\httpcore5-5.3.6.jar, C:\Users\91998\.gradle\caches\modules-2\files-2.1\org.springframework.boot\spring-boot-starter-jdbc\3.5.6\812d2dc9a662d9ab640bea01b383e82d881fc586\spring-boot-starter-jdbc-3.5.6.jar, C:\Users\91998\.gradle\caches\modules-2\files-2.1\org.springframework.boot\spring-boot-starter-json\3.5.6\62143e29dbac1e72759da7dd85fb8f85a3d582f7\spring-boot-starter-json-3.5.6.jar, C:\Users\91998\.gradle\caches\modules-2\files-2.1\org.springframework.boot\spring-boot-starter\3.5.6\2a2de314809a7c4c9b7303063c1313e03fe31ad3\spring-boot-starter-3.5.6.jar, C:\Users\91998\.gradle\caches\modules-2\files-2.1\org.hibernate.orm\hibernate-core\6.6.29.Final\d12db68bb867e2fe6e68740b3fba3d1d633f77ff\hibernate-core-6.6.29.Final.jar, C:\Users\91998\.gradle\caches\modules-2\files-2.1\org.springframework.data\spring-data-jpa\3.5.4\abd37141d1bd52283aac0d962d6efa1d4d72424b\spring-data-jpa-3.5.4.jar, C:\Users\91998\.gradle\caches\modules-2\files-2.1\org.springframework\spring-aspects\6.2.11\e02d582f1595b101c7fa53778e91ddb71d62974e\spring-aspects-6.2.11.jar, C:\Users\91998\.gradle\caches\modules-2\files-2.1\org.springframework.security\spring-security-config\6.5.5\e647f8334d2d4578f7b553e705a409017ac37be1\spring-security-config-6.5.5.jar, C:\Users\91998\.gradle\caches\modules-2\files-2.1\org.springframework.security\spring-security-web\6.5.5\53362443076c948cf1fbdd078802ef58917b5938\spring-security-web-6.5.5.jar, C:\Users\91998\.gradle\caches\modules-2\files-2.1\org.springframework.kafka\spring-kafka\3.3.10\83828f352490c0eaf7dcfb0e4947fec83edd506f\spring-kafka-3.3.10.jar, C:\Users\91998\.gradle\caches\modules-2\files-2.1\org.springdoc\springdoc-openapi-starter-webmvc-ui\2.6.0\2dddebb56441dbaa1009c4de434a83c65596f6ad\springdoc-openapi-starter-webmvc-ui-2.6.0.jar, C:\Users\91998\.gradle\caches\modules-2\files-2.1\org.springdoc\springdoc-openapi-starter-webmvc-api\2.6.0\d235c2989247641e5dfe764d7add3a11e4d54a5f\springdoc-openapi-starter-webmvc-api-2.6.0.jar, C:\Users\91998\.gradle\caches\modules-2\files-2.1\org.springframework\spring-webmvc\6.2.11\3313fe95e06c1d3c94d00301cbed56ed1a9d2a86\spring-webmvc-6.2.11.jar, C:\Users\91998\.gradle\caches\modules-2\files-2.1\org.springframework.boot\spring-boot-actuator-autoconfigure\3.5.6\7b7f4245c6ea91cb28edf73368998748d318b603\spring-boot-actuator-autoconfigure-3.5.6.jar, C:\Users\91998\.gradle\caches\modules-2\files-2.1\org.springframework.boot\spring-boot-test-autoconfigure\3.5.6\8dfdf84b445d7ad945814be8dcb0034fe2a4444a\spring-boot-test-autoconfigure-3.5.6.jar, C:\Users\91998\.gradle\caches\modules-2\files-2.1\org.springframework.boot\spring-boot-test\3.5.6\62818d688e88efe1e34b292c39a54b34524d6e04\spring-boot-test-3.5.6.jar, C:\Users\91998\.gradle\caches\modules-2\files-2.1\org.springdoc\springdoc-openapi-starter-common\2.6.0\c8cf5fbd1f9e4c410d67f1de27dfc3529de13620\springdoc-openapi-starter-common-2.6.0.jar, C:\Users\91998\.gradle\caches\modules-2\files-2.1\org.springframework.boot\spring-boot-autoconfigure\3.5.6\6b8fc2519774de4e82b0dbb5651093ce2ca20836\spring-boot-autoconfigure-3.5.6.jar, C:\Users\91998\.gradle\caches\modules-2\files-2.1\org.springframework.boot\spring-boot-actuator\3.5.6\cf67879f31058782b4a04a4c19978f30c5cb477c\spring-boot-actuator-3.5.6.jar, C:\Users\91998\.gradle\caches\modules-2\files-2.1\org.springframework.boot\spring-boot\3.5.6\a02f486ab700dad1f81e54cb37651d92a3f9d700\spring-boot-3.5.6.jar, C:\Users\91998\.gradle\caches\modules-2\files-2.1\org.springframework.security\spring-security-core\6.5.5\b4010d71d6b53cae574ba3d5c15629ed782f3318\spring-security-core-6.5.5.jar, C:\Users\91998\.gradle\caches\modules-2\files-2.1\org.springframework\spring-context\6.2.11\bbfb4d55385b2b65ecaf04937d209cf467eaba2f\spring-context-6.2.11.jar, C:\Users\91998\.gradle\caches\modules-2\files-2.1\org.springframework\spring-aop\6.2.11\1e970383810700506d646c2fa8943725f123f000\spring-aop-6.2.11.jar, C:\Users\91998\.gradle\caches\modules-2\files-2.1\junit\junit\4.13.2\8ac9e16d933b6fb43bc7f576336b8f4d7eb5ba12\junit-4.13.2.jar, C:\Users\91998\.gradle\caches\modules-2\files-2.1\io.micrometer\micrometer-jakarta9\1.15.4\639673a45d74ddeeaab885b0251687644059d88f\micrometer-jakarta9-1.15.4.jar, C:\Users\91998\.gradle\caches\modules-2\files-2.1\org.springframework\spring-webflux\6.2.11\d5c8f97c7714881c278489fc8e3cfc942a0a2349\spring-webflux-6.2.11.jar, C:\Users\91998\.gradle\caches\modules-2\files-2.1\org.springframework\spring-web\6.2.11\e590ac3e1aaea2d34a5ccb5c25ad84acbada8468\spring-web-6.2.11.jar, C:\Users\91998\.gradle\caches\modules-2\files-2.1\io.micrometer\micrometer-core\1.15.4\603fe6d384d9b58ab709f4ca17baa9ca17ce7a4\micrometer-core-1.15.4.jar, C:\Users\91998\.gradle\caches\modules-2\files-2.1\io.micrometer\micrometer-observation\1.15.4\8cd0aed0ff098a7937f2f8f81705840f2d60a432\micrometer-observation-1.15.4.jar, C:\Users\91998\.gradle\caches\modules-2\files-2.1\com.mysql\mysql-connector-j\9.4.0\8f6c66269048fbd2316b7b45d75898ebee44986f\mysql-connector-j-9.4.0.jar, C:\Users\91998\.gradle\caches\modules-2\files-2.1\com.oracle.database.jdbc\ojdbc8\23.7.0.25.01\65cc9902e2d3f270908f7e45b9570079988d1b5f\ojdbc8-23.7.0.25.01.jar, C:\Users\91998\.gradle\caches\modules-2\files-2.1\org.springframework.security\spring-security-crypto\6.5.5\83f9ebdd4706d23d697a7012aa946b64b54476f6\spring-security-crypto-6.5.5.jar, C:\Users\91998\.gradle\caches\modules-2\files-2.1\jakarta.persistence\jakarta.persistence-api\3.1.0\66901fa1c373c6aff65c13791cc11da72060a8d6\jakarta.persistence-api-3.1.0.jar, C:\Users\91998\.gradle\caches\modules-2\files-2.1\io.jsonwebtoken\jjwt-impl\0.11.5\40a599f0e8a8e4e0701596fbb15e67bfda64fdf0\jjwt-impl-0.11.5.jar, C:\Users\91998\.gradle\caches\modules-2\files-2.1\io.jsonwebtoken\jjwt-jackson\0.11.5\3b83a06809e98a69402d7333dcf67df6f6ea4579\jjwt-jackson-0.11.5.jar, C:\Users\91998\.gradle\caches\modules-2\files-2.1\io.jsonwebtoken\jjwt-api\0.11.5\f742940045619d06383e7df37b21ac422b476cf1\jjwt-api-0.11.5.jar, C:\Users\91998\.gradle\caches\modules-2\files-2.1\org.eclipse.jetty.ee10\jetty-ee10-webapp\12.0.27\51e49edaacd889b041deef79f1cf8dbffe37ea18\jetty-ee10-webapp-12.0.27.jar, C:\Users\91998\.gradle\caches\modules-2\files-2.1\org.eclipse.jetty.ee10\jetty-ee10-servlet\12.0.27\41d485e553c0e0d5e134fd4fba83400c335ef44e\jetty-ee10-servlet-12.0.27.jar, C:\Users\91998\.gradle\caches\modules-2\files-2.1\jakarta.servlet\jakarta.servlet-api\6.0.0\abecc699286e65035ebba9844c03931357a6a963\jakarta.servlet-api-6.0.0.jar, C:\Users\91998\.gradle\caches\modules-2\files-2.1\org.hibernate.validator\hibernate-validator\8.0.3.Final\4425f554297a1c5ba03a3f30e559a9fd91048cf8\hibernate-validator-8.0.3.Final.jar, C:\Users\91998\.gradle\caches\modules-2\files-2.1\io.swagger.core.v3\swagger-core-jakarta\2.2.22\9ed5daaaa1c94c9a6b56c058c9d1b3190044a2e2\swagger-core-jakarta-2.2.22.jar, C:\Users\91998\.gradle\caches\modules-2\files-2.1\jakarta.validation\jakarta.validation-api\3.0.2\92b6631659ba35ca09e44874d3eb936edfeee532\jakarta.validation-api-3.0.2.jar, C:\Users\91998\.gradle\caches\modules-2\files-2.1\org.springframework.boot\spring-boot-starter-tomcat\3.5.6\9384211e92c82344e23b00a580cc769724ea9a0c\spring-boot-starter-tomcat-3.5.6.jar, C:\Users\91998\.gradle\caches\modules-2\files-2.1\org.apache.tomcat.embed\tomcat-embed-websocket\10.1.46\e98da6e2f659ec02062d2c84a07b7262e82d8b74\tomcat-embed-websocket-10.1.46.jar, C:\Users\91998\.gradle\caches\modules-2\files-2.1\org.apache.tomcat.embed\tomcat-embed-core\10.1.46\64d4eee6e42eb61492a7b84d458327bfb1c1d957\tomcat-embed-core-10.1.46.jar, C:\Users\91998\.gradle\caches\modules-2\files-2.1\org.apache.tomcat.embed\tomcat-embed-el\10.1.46\e1fc6986d030e791415535e28fd21c0be11810de\tomcat-embed-el-10.1.46.jar, C:\Users\91998\.gradle\caches\modules-2\files-2.1\org.eclipse.jdt\ecj\3.33.0\4041d27ffea3c9351e3121f9bfe94dea4723d583\ecj-3.33.0.jar, C:\Users\91998\.gradle\caches\modules-2\files-2.1\com.jayway.jsonpath\json-path\2.9.0\37fe2217f577b0b68b18e62c4d17a8858ecf9b69\json-path-2.9.0.jar, C:\Users\91998\.gradle\caches\modules-2\files-2.1\org.glassfish.jaxb\jaxb-runtime\4.0.5\ca84c2a7169b5293e232b9d00d1e4e36d4c3914a\jaxb-runtime-4.0.5.jar, C:\Users\91998\.gradle\caches\modules-2\files-2.1\org.glassfish.jaxb\jaxb-core\4.0.5\7b4b11ea5542eea4ad55e1080b23be436795b3\jaxb-core-4.0.5.jar, C:\Users\91998\.gradle\caches\modules-2\files-2.1\jakarta.xml.bind\jakarta.xml.bind-api\4.0.2\6cd5a999b834b63238005b7144136379dc36cad2\jakarta.xml.bind-api-4.0.2.jar, C:\Users\91998\.gradle\caches\modules-2\files-2.1\net.minidev\json-smart\2.5.2\95d166b18f95907be0f46cdb9e1c0695eed03387\json-smart-2.5.2.jar, C:\Users\91998\.gradle\caches\modules-2\files-2.1\org.assertj\assertj-core\3.27.4\65e62575f7e422df6d290dc1cb15f3c97108b2b1\assertj-core-3.27.4.jar, C:\Users\91998\.gradle\caches\modules-2\files-2.1\org.awaitility\awaitility\4.2.2\7336242073ebf83fe034e42b46a403c5501b63c9\awaitility-4.2.2.jar, C:\Users\91998\.gradle\caches\modules-2\files-2.1\net.javacrumbs.json-unit\json-unit-core\2.40.1\a7aa8b033c3937ad24d367702527b883027a5756\json-unit-core-2.40.1.jar, C:\Users\91998\.gradle\caches\modules-2\files-2.1\org.hamcrest\hamcrest-core\3.0\254f69f4b0ca22198acfc19fcdd5f96140431c3e\hamcrest-core-3.0.jar, C:\Users\91998\.gradle\caches\modules-2\files-2.1\org.hamcrest\hamcrest\3.0\8fd9b78a8e6a6510a078a9e30e9e86a6035cfaf7\hamcrest-3.0.jar, C:\Users\91998\.gradle\caches\modules-2\files-2.1\org.junit.platform\junit-platform-launcher\1.12.2\79d49ad13017c67a8bf76e10ba5ac8937d811772\junit-platform-launcher-1.12.2.jar, C:\Users\91998\.gradle\caches\modules-2\files-2.1\org.mockito\mockito-junit-jupiter\5.17.0\4399e19e3fb5b55230027583323e4c883d5da07d\mockito-junit-jupiter-5.17.0.jar, C:\Users\91998\.gradle\caches\modules-2\files-2.1\org.junit.jupiter\junit-jupiter-params\5.12.2\ff1434a66d1fb84c2c709cde2e2d56d5c8f4fad3\junit-jupiter-params-5.12.2.jar, C:\Users\91998\.gradle\caches\modules-2\files-2.1\org.junit.jupiter\junit-jupiter-engine\5.12.2\b8df7575b8cd3a94dbe27b481d1cd52c57864559\junit-jupiter-engine-5.12.2.jar, C:\Users\91998\.gradle\caches\modules-2\files-2.1\org.junit.jupiter\junit-jupiter-api\5.12.2\6de3a3256c5d90f4a439edcb6c2e8dc5180907b0\junit-jupiter-api-5.12.2.jar, C:\Users\91998\.gradle\caches\modules-2\files-2.1\org.junit.platform\junit-platform-engine\1.12.2\8519ece93f91b8115705d36be2c36d49808935cd\junit-platform-engine-1.12.2.jar, C:\Users\91998\.gradle\caches\modules-2\files-2.1\org.junit.platform\junit-platform-commons\1.12.2\b89e88a89ee009937374a4c96912e007b34c8e35\junit-platform-commons-1.12.2.jar, C:\Users\91998\.gradle\caches\modules-2\files-2.1\org.junit.jupiter\junit-jupiter\5.12.2\64d3ec64ae06517bc14b7faaaec7c996b0d05bea\junit-jupiter-5.12.2.jar, C:\Users\91998\.gradle\caches\modules-2\files-2.1\org.mockito\mockito-core\5.17.0\f5fe5a2f94eb65f4f83ca0607bfe13ec0d9c6f3b\mockito-core-5.17.0.jar, C:\Users\91998\.gradle\caches\modules-2\files-2.1\org.skyscreamer\jsonassert\1.5.3\aaa43e0823d2a0e106e8754d6a9c4ab24e05e9bc\jsonassert-1.5.3.jar, C:\Users\91998\.gradle\caches\modules-2\files-2.1\org.springframework\spring-test\6.2.11\ed6016f9407fff2dd272018e5d5c32105dd929\spring-test-6.2.11.jar, C:\Users\91998\.gradle\caches\modules-2\files-2.1\org.springframework\spring-orm\6.2.11\d14df2d6ecddd2984ef5590d73c5178d7df25c11\spring-orm-6.2.11.jar, C:\Users\91998\.gradle\caches\modules-2\files-2.1\org.springframework\spring-jdbc\6.2.11\8aadfc8bed1630563c65bb5628e2175ecd508998\spring-jdbc-6.2.11.jar, C:\Users\91998\.gradle\caches\modules-2\files-2.1\org.springframework.data\spring-data-commons\3.5.4\b61f6528cb8b39b471775a4b27f0437f6646f1e6\spring-data-commons-3.5.4.jar, C:\Users\91998\.gradle\caches\modules-2\files-2.1\org.springframework\spring-tx\6.2.11\f2b8bef65f6682019002c12a628886637e596261\spring-tx-6.2.11.jar, C:\Users\91998\.gradle\caches\modules-2\files-2.1\org.springframework\spring-messaging\6.2.11\74df574d43104cdb0e9bf60bb6bef787ec05c8b6\spring-messaging-6.2.11.jar, C:\Users\91998\.gradle\caches\modules-2\files-2.1\org.springframework\spring-beans\6.2.11\8d92eb837b70094d7316f6a07770eefd360bc53c\spring-beans-6.2.11.jar, C:\Users\91998\.gradle\caches\modules-2\files-2.1\org.springframework\spring-expression\6.2.11\7190c1c69576516efef1a061d956dccf17cb0b86\spring-expression-6.2.11.jar, C:\Users\91998\.gradle\caches\modules-2\files-2.1\org.springframework\spring-core\6.2.11\f4860eb6ea92abb8ae6c5e82e2e7efc395cef8d\spring-core-6.2.11.jar, C:\Users\91998\.gradle\caches\modules-2\files-2.1\org.xmlunit\xmlunit-legacy\2.10.4\42e5272f774c603d0bd6a89a0edee30370134769\xmlunit-legacy-2.10.4.jar, C:\Users\91998\.gradle\caches\modules-2\files-2.1\org.xmlunit\xmlunit-placeholders\2.10.4\937385ba279dd7cc66154b979b9e2cdd221c852f\xmlunit-placeholders-2.10.4.jar, C:\Users\91998\.gradle\caches\modules-2\files-2.1\org.xmlunit\xmlunit-core\2.10.4\eff1eddcdb52fdeaa7e28ca68301db49361d8bec\xmlunit-core-2.10.4.jar, C:\Users\91998\.gradle\caches\modules-2\files-2.1\org.thymeleaf\thymeleaf-spring6\3.1.3.RELEASE\4b276ea2bd536a18e44b40ff1d9f4848965ff59c\thymeleaf-spring6-3.1.3.RELEASE.jar, C:\Users\91998\.gradle\caches\modules-2\files-2.1\org.springframework.boot\spring-boot-starter-reactor-netty\3.5.6\73d0f60e1ae8879af234508f17d80f0b0c0e6edb\spring-boot-starter-reactor-netty-3.5.6.jar, C:\Users\91998\.gradle\caches\modules-2\files-2.1\org.seleniumhq.selenium\selenium-chrome-driver\4.31.0\b88cebcf7333d13be0ac5d9ca140ff9fc99b1f8e\selenium-chrome-driver-4.31.0.jar, C:\Users\91998\.gradle\caches\modules-2\files-2.1\org.seleniumhq.selenium\selenium-devtools-v137\4.35.0\2d768f1290834e7533aedfc7ff532bc1b3abe96c\selenium-devtools-v137-4.35.0.jar, C:\Users\91998\.gradle\caches\modules-2\files-2.1\org.seleniumhq.selenium\selenium-devtools-v138\4.35.0\802e9f52f606f9da5d9325482e864c53e469f4eb\selenium-devtools-v138-4.35.0.jar, C:\Users\91998\.gradle\caches\modules-2\files-2.1\org.seleniumhq.selenium\selenium-devtools-v139\4.35.0\55911d75a43f780efe51dcacbbdbc30774f65ce1\selenium-devtools-v139-4.35.0.jar, C:\Users\91998\.gradle\caches\modules-2\files-2.1\org.seleniumhq.selenium\selenium-edge-driver\4.31.0\a332f0a9452efe144ee8d79816f9e19fe39e58b4\selenium-edge-driver-4.31.0.jar, C:\Users\91998\.gradle\caches\modules-2\files-2.1\org.seleniumhq.selenium\selenium-firefox-driver\4.31.0\66d359c532f7ca620e1755461076f53b234db441\selenium-firefox-driver-4.31.0.jar, C:\Users\91998\.gradle\caches\modules-2\files-2.1\org.seleniumhq.selenium\selenium-ie-driver\4.31.0\6191ff21cdfe40cb0f465f47fa73a121bbef00de\selenium-ie-driver-4.31.0.jar, C:\Users\91998\.gradle\caches\modules-2\files-2.1\org.seleniumhq.selenium\selenium-safari-driver\4.31.0\e2af27470b441fb8f46f3b0ef1608cf825b2c996\selenium-safari-driver-4.31.0.jar, C:\Users\91998\.gradle\caches\modules-2\files-2.1\org.seleniumhq.selenium\selenium-support\4.31.0\d511920e6dee67c35870e4e35ca939da9e96e010\selenium-support-4.31.0.jar, C:\Users\91998\.gradle\caches\modules-2\files-2.1\org.seleniumhq.selenium\selenium-chromium-driver\4.31.0\e792bead1460f1239bdf8ad319f8e3ca44fddf04\selenium-chromium-driver-4.31.0.jar, C:\Users\91998\.gradle\caches\modules-2\files-2.1\org.seleniumhq.selenium\selenium-remote-driver\4.31.0\ff50df7aee3bf30af3659da3946275a68777725f\selenium-remote-driver-4.31.0.jar, C:\Users\91998\.gradle\caches\modules-2\files-2.1\org.seleniumhq.selenium\selenium-manager\4.31.0\54968348b9a52daa380908a08e0d53962d8aefca\selenium-manager-4.31.0.jar, C:\Users\91998\.gradle\caches\modules-2\files-2.1\org.seleniumhq.selenium\selenium-http\4.31.0\bfdb9d7a4a5686aef2ca1e1357437533c5305bf4\selenium-http-4.31.0.jar, C:\Users\91998\.gradle\caches\modules-2\files-2.1\org.seleniumhq.selenium\selenium-json\4.31.0\29358392fe46e47a9b12411cb8ab4376af1d0f68\selenium-json-4.31.0.jar, C:\Users\91998\.gradle\caches\modules-2\files-2.1\org.seleniumhq.selenium\selenium-os\4.31.0\2e7ab2c1b46c9002de68078fae3bbba8aeefb9e9\selenium-os-4.31.0.jar, C:\Users\91998\.gradle\caches\modules-2\files-2.1\org.seleniumhq.selenium\selenium-api\4.31.0\4eedf1dd9fd7d8afd3f447f61d60dfeab8381e51\selenium-api-4.31.0.jar, C:\Users\91998\.gradle\caches\modules-2\files-2.1\com.zaxxer\HikariCP\6.3.3\7c5aec1e47a97ff40977e0193018865304ea9585\HikariCP-6.3.3.jar, C:\Users\91998\.gradle\caches\modules-2\files-2.1\org.apache.kafka\kafka-clients\3.9.1\86ca079953ed5606257ff298c24666b26da6985b\kafka-clients-3.9.1.jar, C:\Users\91998\.gradle\caches\modules-2\files-2.1\org.thymeleaf\thymeleaf\3.1.3.RELEASE\51474f2a90b282ee97dabcd159c7faf24790f373\thymeleaf-3.1.3.RELEASE.jar, C:\Users\91998\.gradle\caches\modules-2\files-2.1\com.github.docker-java\docker-java\3.6.0\8d71188ebc47e4e328c89acf8adbefdb2e992200\docker-java-3.6.0.jar, C:\Users\91998\.gradle\caches\modules-2\files-2.1\com.github.docker-java\docker-java-core\3.6.0\d374b9c3c8be106b13fa92ccfc7287cb3b3e0a1c\docker-java-core-3.6.0.jar, C:\Users\91998\.gradle\caches\modules-2\files-2.1\org.slf4j\jcl-over-slf4j\2.0.17\76ea503eb688f06556a9ba69995d7eab63e34531\jcl-over-slf4j-2.0.17.jar, C:\Users\91998\.gradle\caches\modules-2\files-2.1\org.springframework.boot\spring-boot-starter-logging\3.5.6\61717f15cb53d2a0cce6428b29adbdc2ed5f2f25\spring-boot-starter-logging-3.5.6.jar, C:\Users\91998\.gradle\caches\modules-2\files-2.1\ch.qos.logback\logback-classic\1.5.18\fc371f3fc97a639de2d67947cffb7518ec5e3d40\logback-classic-1.5.18.jar, C:\Users\91998\.gradle\caches\modules-2\files-2.1\org.apache.logging.log4j\log4j-to-slf4j\2.24.3\da1143e2a2531ee1c2d90baa98eb50a28a39d5a7\log4j-to-slf4j-2.24.3.jar, C:\Users\91998\.gradle\caches\modules-2\files-2.1\org.slf4j\jul-to-slf4j\2.0.17\524cb6ccc2b68a57604750e1ab8b13b5a786a6aa\jul-to-slf4j-2.0.17.jar, C:\Users\91998\.gradle\caches\modules-2\files-2.1\com.github.docker-java\docker-java-api\3.6.0\caeb5bee6a9c07bff31f73ace576436168e2aa47\docker-java-api-3.6.0.jar, C:\Users\91998\.gradle\caches\modules-2\files-2.1\org.eclipse.jetty\jetty-alpn-java-server\12.0.27\b07b74ac870dfc35ef27014422fe8883ebb77df4\jetty-alpn-java-server-12.0.27.jar, C:\Users\91998\.gradle\caches\modules-2\files-2.1\org.eclipse.jetty.ee10\jetty-ee10-servlets\12.0.27\6f6863d6c3efdb0ede7a432dd63f3d52033fe06f\jetty-ee10-servlets-12.0.27.jar, C:\Users\91998\.gradle\caches\modules-2\files-2.1\org.eclipse.jetty\jetty-proxy\12.0.27\bf7ee0ed5c718a47c7d16b4bb1d066ec8d0fd0b3\jetty-proxy-12.0.27.jar, C:\Users\91998\.gradle\caches\modules-2\files-2.1\org.eclipse.jetty\jetty-alpn-server\12.0.27\f298bf6313f9fa0c030520b4fef4f703246b2f56\jetty-alpn-server-12.0.27.jar, C:\Users\91998\.gradle\caches\modules-2\files-2.1\org.eclipse.jetty.http2\jetty-http2-server\12.0.27\85377da89d0cb68cd67cd754f3d7e27940d8aed8\jetty-http2-server-12.0.27.jar, C:\Users\91998\.gradle\caches\modules-2\files-2.1\org.eclipse.jetty\jetty-security\12.0.27\ac09a862d369681cf37dbd07d61c196bec0c8b20\jetty-security-12.0.27.jar, C:\Users\91998\.gradle\caches\modules-2\files-2.1\org.eclipse.jetty\jetty-session\12.0.27\67db9c9400816769d835b7f96e06b45f73491477\jetty-session-12.0.27.jar, C:\Users\91998\.gradle\caches\modules-2\files-2.1\org.eclipse.jetty\jetty-ee\12.0.27\434fa7441ae77c1ecd444edb37d4338bd09bb67c\jetty-ee-12.0.27.jar, C:\Users\91998\.gradle\caches\modules-2\files-2.1\org.eclipse.jetty\jetty-server\12.0.27\65f40754e873638394ff06df7410f30967d15fdd\jetty-server-12.0.27.jar, C:\Users\91998\.gradle\caches\modules-2\files-2.1\org.eclipse.jetty\jetty-alpn-java-client\12.0.27\1f91fa2ad31a54dd4375feae3b63c1c16e7f4afc\jetty-alpn-java-client-12.0.27.jar, C:\Users\91998\.gradle\caches\modules-2\files-2.1\org.eclipse.jetty\jetty-client\12.0.27\87e73058b2408077c15b68aaf9592ca932ddebcb\jetty-client-12.0.27.jar, C:\Users\91998\.gradle\caches\modules-2\files-2.1\org.eclipse.jetty\jetty-alpn-client\12.0.27\a4919da7bd02d080a38a6e4359f995188e104d45\jetty-alpn-client-12.0.27.jar, C:\Users\91998\.gradle\caches\modules-2\files-2.1\com.github.jknack\handlebars-helpers\4.3.1\feb413bc6afbe93c7a943083ebebb10fbac83779\handlebars-helpers-4.3.1.jar, C:\Users\91998\.gradle\caches\modules-2\files-2.1\com.github.jknack\handlebars\4.3.1\95d9902e78faa2be20a40a75f33b6602b99ee246\handlebars-4.3.1.jar, C:\Users\91998\.gradle\caches\modules-2\files-2.1\com.networknt\json-schema-validator\1.5.7\14c87e6a5d5a40f9922fadb0da49c77df0555e6\json-schema-validator-1.5.7.jar, C:\Users\91998\.gradle\caches\modules-2\files-2.1\org.eclipse.jetty.http2\jetty-http2-common\12.0.27\469ba2f35593ca1e35fbd1c287b42b51d3768be5\jetty-http2-common-12.0.27.jar, C:\Users\91998\.gradle\caches\modules-2\files-2.1\org.eclipse.jetty.http2\jetty-http2-hpack\12.0.27\b731cc791a3ac7cb7fa108990e6f32789bdf0315\jetty-http2-hpack-12.0.27.jar, C:\Users\91998\.gradle\caches\modules-2\files-2.1\org.eclipse.jetty\jetty-http\12.0.27\a87f269dbac2a0aae6d9020b26e853bbe6bb8b8e\jetty-http-12.0.27.jar, C:\Users\91998\.gradle\caches\modules-2\files-2.1\org.eclipse.jetty\jetty-io\12.0.27\94dd6f745e8aed4923d7fa146474b8f734c27238\jetty-io-12.0.27.jar, C:\Users\91998\.gradle\caches\modules-2\files-2.1\org.eclipse.jetty\jetty-xml\12.0.27\bc4f991cd02d7e7321554f3a3e1b52d035848043\jetty-xml-12.0.27.jar, C:\Users\91998\.gradle\caches\modules-2\files-2.1\org.eclipse.jetty\jetty-util\12.0.27\1d1dac972fcd46ea9de83c2429bfa74c09438c84\jetty-util-12.0.27.jar, C:\Users\91998\.gradle\caches\modules-2\files-2.1\org.slf4j\slf4j-api\2.0.17\d9e58ac9c7779ba3bf8142aff6c830617a7fe60f\slf4j-api-2.0.17.jar, C:\Users\91998\.gradle\caches\modules-2\files-2.1\com.google.code.gson\gson\2.13.2\48b8230771e573b54ce6e867a9001e75977fe78e\gson-2.13.2.jar, C:\Users\91998\.gradle\caches\modules-2\files-2.1\org.brotli\dec\0.1.2\c26a897ae0d524809eef1c786cc6183b4ddcc3b\dec-0.1.2.jar, C:\Users\91998\.gradle\caches\modules-2\files-2.1\org.apache.commons\commons-compress\1.28.0\e482f2c7a88dac3c497e96aa420b6a769f59c8d7\commons-compress-1.28.0.jar, C:\Users\91998\.gradle\caches\modules-2\files-2.1\org.apache.commons\commons-lang3\3.17.0\b17d2136f0460dcc0d2016ceefca8723bdf4ee70\commons-lang3-3.17.0.jar, C:\Users\91998\.gradle\caches\modules-2\files-2.1\jakarta.annotation\jakarta.annotation-api\2.1.1\48b9bda22b091b1f48b13af03fe36db3be6e1ae3\jakarta.annotation-api-2.1.1.jar, C:\Users\91998\.gradle\caches\modules-2\files-2.1\com.fasterxml.jackson.datatype\jackson-datatype-jsr310\2.19.2\72e73f048b36d9df82aef146bf8b2ae63b2e28e2\jackson-datatype-jsr310-2.19.2.jar, C:\Users\91998\.gradle\caches\modules-2\files-2.1\com.fasterxml.jackson.datatype\jackson-datatype-jdk8\2.19.2\a720d3946c3a1ab04b780f3b3163d62eee6948a0\jackson-datatype-jdk8-2.19.2.jar, C:\Users\91998\.gradle\caches\modules-2\files-2.1\com.fasterxml.jackson.module\jackson-module-parameter-names\2.19.2\3c4ce467c11364c72ec4967c570fd5a2d1be1d0b\jackson-module-parameter-names-2.19.2.jar, C:\Users\91998\.gradle\caches\modules-2\files-2.1\com.fasterxml.jackson.core\jackson-databind\2.19.2\46509399d28f57ca32c6bb4b0d4e10e8f062051e\jackson-databind-2.19.2.jar, C:\Users\91998\.gradle\caches\modules-2\files-2.1\io.swagger.core.v3\swagger-models-jakarta\2.2.22\bc2809b2efa1f7b062bc9668304a84b198fececd\swagger-models-jakarta-2.2.22.jar, C:\Users\91998\.gradle\caches\modules-2\files-2.1\com.fasterxml.jackson.core\jackson-annotations\2.19.2\c5381f11988ae3d424b197a26087d86067b6d7d\jackson-annotations-2.19.2.jar, C:\Users\91998\.gradle\caches\modules-2\files-2.1\com.fasterxml.jackson.core\jackson-core\2.19.2\50f3b4bd59b9ff51a0ed493e7b5abaf5c39709bf\jackson-core-2.19.2.jar, C:\Users\91998\.gradle\caches\modules-2\files-2.1\com.fasterxml.jackson.dataformat\jackson-dataformat-yaml\2.19.2\ba1079940daa609061e46c80b72c5546c4718401\jackson-dataformat-yaml-2.19.2.jar, C:\Users\91998\.gradle\caches\modules-2\files-2.1\org.yaml\snakeyaml\2.4\e0666b825b796f85521f02360e77f4c92c5a7a07\snakeyaml-2.4.jar, C:\Users\91998\.gradle\caches\modules-2\files-2.1\jakarta.transaction\jakarta.transaction-api\2.0.1\51a520e3fae406abb84e2e1148e6746ce3f80a1a\jakarta.transaction-api-2.0.1.jar, C:\Users\91998\.gradle\caches\modules-2\files-2.1\org.jboss.logging\jboss-logging\3.6.1.Final\886afbb445b4016a37c8960a7aef6ebd769ce7e5\jboss-logging-3.6.1.Final.jar, C:\Users\91998\.gradle\caches\modules-2\files-2.1\org.hibernate.common\hibernate-commons-annotations\7.0.3.Final\e183c4be8bb41d12e9f19b374e00c34a0a85f439\hibernate-commons-annotations-7.0.3.Final.jar, C:\Users\91998\.gradle\caches\modules-2\files-2.1\io.smallrye\jandex\3.2.0\f17ad860f62a08487b9edabde608f8ac55c62fa7\jandex-3.2.0.jar, C:\Users\91998\.gradle\caches\modules-2\files-2.1\com.fasterxml\classmate\1.7.0\e98374da1f2143ac8e6e0a95036994bb19137a3\classmate-1.7.0.jar, C:\Users\91998\.gradle\caches\modules-2\files-2.1\net.bytebuddy\byte-buddy\1.17.7\3856bfab61beb23e099a0d6629f2ba8de4b98ace\byte-buddy-1.17.7.jar, C:\Users\91998\.gradle\caches\modules-2\files-2.1\jakarta.inject\jakarta.inject-api\2.0.1\4c28afe1991a941d7702fe1362c365f0a8641d1e\jakarta.inject-api-2.0.1.jar, C:\Users\91998\.gradle\caches\modules-2\files-2.1\org.antlr\antlr4-runtime\4.13.0\5a02e48521624faaf5ff4d99afc88b01686af655\antlr4-runtime-4.13.0.jar, C:\Users\91998\.gradle\caches\modules-2\files-2.1\org.aspectj\aspectjweaver\1.9.24\9b5aeb0cea9f958b9c57fb80e62996e95a3e9379\aspectjweaver-1.9.24.jar, C:\Users\91998\.gradle\caches\modules-2\files-2.1\io.micrometer\micrometer-commons\1.15.4\f73f10deeee5700b15c2f0f41ae79e2689b39613\micrometer-commons-1.15.4.jar, C:\Users\91998\.gradle\caches\modules-2\files-2.1\org.springframework.retry\spring-retry\2.0.12\62a14736086ffd6f382f0df3bf066a5a34f174fa\spring-retry-2.0.12.jar, C:\Users\91998\.gradle\caches\modules-2\files-2.1\org.webjars\swagger-ui\5.17.14\7c746d197424eb721b4e08fcaa9e85231662d81f\swagger-ui-5.17.14.jar, C:\Users\91998\.gradle\caches\modules-2\files-2.1\org.apache.tomcat\tomcat-annotations-api\10.1.46\c7ae77f10f503408ac487f234674c9f978ec3496\tomcat-annotations-api-10.1.46.jar, C:\Users\91998\.gradle\caches\modules-2\files-2.1\org.eclipse.angus\angus-activation\2.0.2\41f1e0ddd157c856926ed149ab837d110955a9fc\angus-activation-2.0.2.jar, C:\Users\91998\.gradle\caches\modules-2\files-2.1\jakarta.activation\jakarta.activation-api\2.1.4\9e5c2a0d75dde71a0bedc4dbdbe47b78a5dc50f8\jakarta.activation-api-2.1.4.jar, C:\Users\91998\.gradle\caches\modules-2\files-2.1\net.minidev\accessors-smart\2.5.2\ce16fd235cfee48e67eda33e684423bba09f7d07\accessors-smart-2.5.2.jar, C:\Users\91998\.gradle\caches\modules-2\files-2.1\net.bytebuddy\byte-buddy-agent\1.17.7\fbf3d6d649ed37fc9e9c59480a05be0a26e3c2da\byte-buddy-agent-1.17.7.jar, C:\Users\91998\.gradle\caches\modules-2\files-2.1\org.objenesis\objenesis\3.3\1049c09f1de4331e8193e579448d0916d75b7631\objenesis-3.3.jar, C:\Users\91998\.gradle\caches\modules-2\files-2.1\com.vaadin.external.google\android-json\0.0.20131108.vaadin1\fa26d351fe62a6a17f5cda1287c1c6110dec413f\android-json-0.0.20131108.vaadin1.jar, C:\Users\91998\.gradle\caches\modules-2\files-2.1\org.springframework\spring-jcl\6.2.11\819fc7e968ac07d4b042be7cfb8d99c267142ac7\spring-jcl-6.2.11.jar, C:\Users\91998\.gradle\caches\modules-2\files-2.1\io.projectreactor.netty\reactor-netty-http\1.2.10\e60ff32fe2e13c0be741378b85d810e99e49c80e\reactor-netty-http-1.2.10.jar, C:\Users\91998\.gradle\caches\modules-2\files-2.1\io.projectreactor.netty\reactor-netty-core\1.2.10\a2c808ca5468f4b48f6baa1b2d6bc1f6b3637074\reactor-netty-core-1.2.10.jar, C:\Users\91998\.gradle\caches\modules-2\files-2.1\io.projectreactor\reactor-core\3.7.11\8ac8ee9da2424c81c029f8c361e34838f77a1b78\reactor-core-3.7.11.jar, C:\Users\91998\.gradle\caches\modules-2\files-2.1\com.google.guava\guava\33.4.8-jre\e70a3268e6cd3e7d458aa15787ce6811c34e96ae\guava-33.4.8-jre.jar, C:\Users\91998\.gradle\caches\modules-2\files-2.1\org.jspecify\jspecify\1.0.0\7425a601c1c7ec76645a78d22b8c6a627edee507\jspecify-1.0.0.jar, C:\Users\91998\.gradle\caches\modules-2\files-2.1\com.google.auto.service\auto-service-annotations\1.1.1\da12a15cd058ba90a0ff55357fb521161af4736d\auto-service-annotations-1.1.1.jar, C:\Users\91998\.gradle\caches\modules-2\files-2.1\io.opentelemetry\opentelemetry-exporter-logging\1.49.0\a04537061cea7f6392aead4d63378e01d5131cd5\opentelemetry-exporter-logging-1.49.0.jar, C:\Users\91998\.gradle\caches\modules-2\files-2.1\io.opentelemetry\opentelemetry-sdk-extension-autoconfigure\1.49.0\26ee4ea67d9cd2274795c8eb150b728796f47b4d\opentelemetry-sdk-extension-autoconfigure-1.49.0.jar, C:\Users\91998\.gradle\caches\modules-2\files-2.1\io.opentelemetry\opentelemetry-sdk-extension-autoconfigure-spi\1.49.0\8e50edb776225ff7c9fc60e34702ef748fca765d\opentelemetry-sdk-extension-autoconfigure-spi-1.49.0.jar, C:\Users\91998\.gradle\caches\modules-2\files-2.1\io.opentelemetry\opentelemetry-sdk\1.49.0\85e0b7a9920118e25a79851b71228a5000db74d8\opentelemetry-sdk-1.49.0.jar, C:\Users\91998\.gradle\caches\modules-2\files-2.1\io.opentelemetry\opentelemetry-sdk-trace\1.49.0\f6ebec3f8e5181a0d1be82cfb5c9a5a9b6be14c7\opentelemetry-sdk-trace-1.49.0.jar, C:\Users\91998\.gradle\caches\modules-2\files-2.1\io.opentelemetry\opentelemetry-sdk-metrics\1.49.0\1eae6b8b460b24bec7ce68786e7bb63d7b93e170\opentelemetry-sdk-metrics-1.49.0.jar, C:\Users\91998\.gradle\caches\modules-2\files-2.1\io.opentelemetry\opentelemetry-sdk-logs\1.49.0\7b8897105c46f560a6a43bd08277a55641fa4405\opentelemetry-sdk-logs-1.49.0.jar, C:\Users\91998\.gradle\caches\modules-2\files-2.1\io.opentelemetry\opentelemetry-sdk-common\1.49.0\6434472ab86600910d8b5f0346653bbc8f8b7067\opentelemetry-sdk-common-1.49.0.jar, C:\Users\91998\.gradle\caches\modules-2\files-2.1\io.opentelemetry\opentelemetry-api\1.49.0\caff686096f0f99257c16dda87a3ca45b9f0cd25\opentelemetry-api-1.49.0.jar, C:\Users\91998\.gradle\caches\modules-2\files-2.1\io.opentelemetry\opentelemetry-context\1.49.0\824271413685e92b21d0554637edb1d4446ba3d0\opentelemetry-context-1.49.0.jar, C:\Users\91998\.gradle\caches\modules-2\files-2.1\com.google.errorprone\error_prone_annotations\2.41.0\4381275efdef6ddfae38f002c31e84cd001c97f0\error_prone_annotations-2.41.0.jar, C:\Users\91998\.gradle\caches\modules-2\files-2.1\com.github.docker-java\docker-java-transport\3.6.0\d522c467aad17fd927e0db0130d2849a321a36aa\docker-java-transport-3.6.0.jar, C:\Users\91998\.gradle\caches\modules-2\files-2.1\net.java.dev.jna\jna\5.17.0\33d12735bef894440780fce64f9758d420c7bae2\jna-5.17.0.jar, C:\Users\91998\.gradle\caches\modules-2\files-2.1\commons-codec\commons-codec\1.18.0\ee45d1cf6ec2cc2b809ff04b4dc7aec858e0df8f\commons-codec-1.18.0.jar, C:\Users\91998\.gradle\caches\modules-2\files-2.1\commons-fileupload\commons-fileupload\1.6.0\2392704cccb4632b3ccd9b8cfbe2943cca6fc455\commons-fileupload-1.6.0.jar, C:\Users\91998\.gradle\caches\modules-2\files-2.1\commons-io\commons-io\2.20.0\36f3474daec2849c149e877614e7f979b2082cd2\commons-io-2.20.0.jar, C:\Users\91998\.gradle\caches\modules-2\files-2.1\org.opentest4j\opentest4j\1.3.0\152ea56b3a72f655d4fd677fc0ef2596c3dd5e6e\opentest4j-1.3.0.jar, C:\Users\91998\.gradle\caches\modules-2\files-2.1\org.hdrhistogram\HdrHistogram\2.2.2\7959933ebcc0f05b2eaa5af0a0c8689fa257b15c\HdrHistogram-2.2.2.jar, C:\Users\91998\.gradle\caches\modules-2\files-2.1\org.latencyutils\LatencyUtils\2.0.3\769c0b82cb2421c8256300e907298a9410a2a3d3\LatencyUtils-2.0.3.jar, C:\Users\91998\.gradle\caches\modules-2\files-2.1\com.github.luben\zstd-jni\1.5.6-4\ba9e303e0b5e94cdd0017390d7d8c06f47fd61f7\zstd-jni-1.5.6-4.jar, C:\Users\91998\.gradle\caches\modules-2\files-2.1\org.lz4\lz4-java\1.8.0\4b986a99445e49ea5fbf5d149c4b63f6ed6c6780\lz4-java-1.8.0.jar, C:\Users\91998\.gradle\caches\modules-2\files-2.1\org.xerial.snappy\snappy-java\1.1.10.5\ac605269f3598506196e469f1fb0d7ed5c55059e\snappy-java-1.1.10.5.jar, C:\Users\91998\.gradle\caches\modules-2\files-2.1\org.ow2.asm\asm\9.7.1\f0ed132a49244b042cd0e15702ab9f2ce3cc8436\asm-9.7.1.jar, C:\Users\91998\.gradle\caches\modules-2\files-2.1\org.attoparser\attoparser\2.0.7.RELEASE\e5d0e988d9124139d645bb5872b24dfa23e283cc\attoparser-2.0.7.RELEASE.jar, C:\Users\91998\.gradle\caches\modules-2\files-2.1\org.unbescape\unbescape\1.1.6.RELEASE\7b90360afb2b860e09e8347112800d12c12b2a13\unbescape-1.1.6.RELEASE.jar, C:\Users\91998\.gradle\caches\modules-2\files-2.1\io.netty\netty-codec-http2\4.1.127.Final\39cf7a8790047fecda2c1fe87ee54d2f32aefb45\netty-codec-http2-4.1.127.Final.jar, C:\Users\91998\.gradle\caches\modules-2\files-2.1\io.netty\netty-handler-proxy\4.1.127.Final\85cfd39769b7f12ae56b7e46ed506a9ac0daeef4\netty-handler-proxy-4.1.127.Final.jar, C:\Users\91998\.gradle\caches\modules-2\files-2.1\io.netty\netty-codec-http\4.1.127.Final\c4c3fa12be76064a7a96631959641bcd600e6556\netty-codec-http-4.1.127.Final.jar, C:\Users\91998\.gradle\caches\modules-2\files-2.1\io.netty\netty-resolver-dns-native-macos\4.1.127.Final\310929708225c05f4dd99015523eccabf1493bc2\netty-resolver-dns-native-macos-4.1.127.Final-osx-x86_64.jar, C:\Users\91998\.gradle\caches\modules-2\files-2.1\io.netty\netty-resolver-dns-classes-macos\4.1.127.Final\21c93bc3a412afeac8deb10874d6dc7cfb961ea0\netty-resolver-dns-classes-macos-4.1.127.Final.jar, C:\Users\91998\.gradle\caches\modules-2\files-2.1\io.netty\netty-resolver-dns\4.1.127.Final\568ff6c6a899ffc64d4a7a461059291dcc502062\netty-resolver-dns-4.1.127.Final.jar, C:\Users\91998\.gradle\caches\modules-2\files-2.1\io.netty\netty-transport-native-epoll\4.1.127.Final\9a4657cd5fa3b7ac19698727b0891353c3ea1ce3\netty-transport-native-epoll-4.1.127.Final-linux-x86_64.jar, C:\Users\91998\.gradle\caches\modules-2\files-2.1\org.reactivestreams\reactive-streams\1.0.4\3864a1320d97d7b045f729a326e1e077661f31b7\reactive-streams-1.0.4.jar, C:\Users\91998\.gradle\caches\modules-2\files-2.1\com.google.guava\failureaccess\1.0.3\aeaffd00d57023a2c947393ed251f0354f0985fc\failureaccess-1.0.3.jar, C:\Users\91998\.gradle\caches\modules-2\files-2.1\com.google.guava\listenablefuture\9999.0-empty-to-avoid-conflict-with-guava\b421526c5f297295adef1c886e5246c39d4ac629\listenablefuture-9999.0-empty-to-avoid-conflict-with-guava.jar, C:\Users\91998\.gradle\caches\modules-2\files-2.1\com.google.j2objc\j2objc-annotations\3.0.0\7399e65dd7e9ff3404f4535b2f017093bdb134c7\j2objc-annotations-3.0.0.jar, C:\Users\91998\.gradle\caches\modules-2\files-2.1\org.apache.commons\commons-exec\1.4.0\e9061b21958bfaf1cb736eb22e36cbf02d8fe9f\commons-exec-1.4.0.jar, C:\Users\91998\.gradle\caches\modules-2\files-2.1\ch.qos.logback\logback-core\1.5.18\6c0375624f6f36b4e089e2488ba21334a11ef13f\logback-core-1.5.18.jar, C:\Users\91998\.gradle\caches\modules-2\files-2.1\org.apache.logging.log4j\log4j-api\2.24.3\b02c125db8b6d295adf72ae6e71af5d83bce2370\log4j-api-2.24.3.jar, C:\Users\91998\.gradle\caches\modules-2\files-2.1\org.glassfish.jaxb\txw2\4.0.5\f36a4ef12120a9bb06d766d6a0e54b144fd7ed98\txw2-4.0.5.jar, C:\Users\91998\.gradle\caches\modules-2\files-2.1\com.sun.istack\istack-commons-runtime\4.1.2\18ec117c85f3ba0ac65409136afa8e42bc74e739\istack-commons-runtime-4.1.2.jar, C:\Users\91998\.gradle\caches\modules-2\files-2.1\io.netty\netty-handler\4.1.127.Final\5e9ee8931666a12b52340309f92d51d0b49611de\netty-handler-4.1.127.Final.jar, C:\Users\91998\.gradle\caches\modules-2\files-2.1\io.netty\netty-codec-dns\4.1.127.Final\bcb5a439fc94dacaf98bac2426e40f21376a8e1a\netty-codec-dns-4.1.127.Final.jar, C:\Users\91998\.gradle\caches\modules-2\files-2.1\io.netty\netty-codec-socks\4.1.127.Final\c664f38b0f004e6b4ecf64f826939e24a56cbe9c\netty-codec-socks-4.1.127.Final.jar, C:\Users\91998\.gradle\caches\modules-2\files-2.1\io.netty\netty-codec\4.1.127.Final\b05d16b459b6c6042197a1f3aef671cf535767c3\netty-codec-4.1.127.Final.jar, C:\Users\91998\.gradle\caches\modules-2\files-2.1\io.netty\netty-transport-classes-epoll\4.1.127.Final\3e1f9af9f34817b9cf613eedbaf87dfcdd3ccd9\netty-transport-classes-epoll-4.1.127.Final.jar, C:\Users\91998\.gradle\caches\modules-2\files-2.1\io.netty\netty-transport-native-unix-common\4.1.127.Final\9cc0512d2ddfe9ae76c6db796e1980a8bdbadae1\netty-transport-native-unix-common-4.1.127.Final.jar, C:\Users\91998\.gradle\caches\modules-2\files-2.1\io.netty\netty-transport\4.1.127.Final\9925d9d6be72436b661ba6a71cc8d2897fe83cf0\netty-transport-4.1.127.Final.jar, C:\Users\91998\.gradle\caches\modules-2\files-2.1\io.netty\netty-buffer\4.1.127.Final\356b4f2e759d36fec774cd17e583a7609d8ec15d\netty-buffer-4.1.127.Final.jar, C:\Users\91998\.gradle\caches\modules-2\files-2.1\io.netty\netty-resolver\4.1.127.Final\2b34a14b6ec23761d6d2300a1c261914401f2553\netty-resolver-4.1.127.Final.jar, C:\Users\91998\.gradle\caches\modules-2\files-2.1\io.netty\netty-common\4.1.127.Final\ada4ab671678f956e1cd5067ba94bc340af1d8bf\netty-common-4.1.127.Final.jar, C:\Users\91998\.gradle\caches\modules-2\files-2.1\io.swagger.core.v3\swagger-annotations-jakarta\2.2.22\1efc0b0af32fce629f0786062c89e8b117abe120\swagger-annotations-jakarta-2.2.22.jar, C:\Users\91998\.gradle\caches\modules-2\files-2.1\net.sf.jopt-simple\jopt-simple\5.0.4\4fdac2fbe92dfad86aa6e9301736f6b4342a3f5c\jopt-simple-5.0.4.jar, C:\Users\91998\.gradle\caches\modules-2\files-2.1\com.ethlo.time\itu\1.10.3\3b07194070e37e903549a8011bf53375607205ff\itu-1.10.3.jar] with C:\Users\91998\.gradle\.tmp\gradle-javaexec-classpath14669880517297477794.jar
Starting process 'command 'D:\config\jdk-21.0.8\bin\java.exe''. Working directory: D:\github\cgwebproject\webapp Command: D:\config\jdk-21.0.8\bin\java.exe -Dfile.encoding=UTF-8 -Duser.country=IN -Duser.language=en -Duser.variant -cp C:\Users\91998\.gradle\.tmp\gradle-javaexec-classpath14669880517297477794.jar com.cog.webapp.SpringBootLauncer
Successfully started process 'command 'D:\config\jdk-21.0.8\bin\java.exe''

  .   ____          _            __ _ _
 /\\ / ___'_ __ _ _(_)_ __  __ _ \ \ \ \
( ( )\___ | '_ | '_| | '_ \/ _` | \ \ \ \
 \\/  ___)| |_)| | | | | || (_| |  ) ) ) )
  '  |____| .__|_| |_|_| |_\__, | / / / /
 =========|_|==============|___/=/_/_/_/

 :: Spring Boot ::                (v3.5.6)

Incoming request: /error
Incoming request: /error
